// Jest Snapshot v1, https://goo.gl/fbAQLP

exports[`createReq eval 1`] = `
"module main
  @eval complex expr ✔
  fail# @eval syntax error ✘
  fail# @eval must be string value ✘

1. fail# @eval syntax error(main.test2)
   main.test2.req.v1@eval: throw err, Unexpected identifier

2. fail# @eval must be string value(main.test3)
   main.test3.req.v1@eval: should have string value

"
`;

exports[`createReq main 1`] = `
"module main
  req variables ✔
  all kinds ✔
  nest value ✔

"
`;

exports[`createReq mock 1`] = `
"module main
  @mock ✔
  fail# @mock ✘
  fail# @mock must be string value ✘

1. fail# @mock(main.test2)
   main.test2.req.v1@mock: bad mock 'xyz'

2. fail# @mock must be string value(main.test3)
   main.test3.req.v1@mock: should have string value

"
`;
