// Jest Snapshot v1, https://goo.gl/fbAQLP

exports[`createReq eval 1`] = `
"module main
  complex expr ✔
  eval throw err ✘
  eval must be string value ✘

1. eval throw err(main.test2)
   main.test2.req.v1@eval: throw err, Unexpected identifier

2. eval must be string value(main.test3)
   main.test3.req.v1@eval: should have string value

"
`;

exports[`createReq general 1`] = `
"module main
  req variables ✔
  all kinds ✔
  nest value ✔

"
`;

exports[`createReq mock 1`] = `
"main.test1.req.url: is required at line 3 col 10
"
`;
