// Jest Snapshot v1, https://goo.gl/fbAQLP

exports[`http invaid params mismatch path 1`] = `
"main.test1.req.params: should match url params at line 5 col 15
"
`;

exports[`http invaid params prop type 1`] = `
"main.test1.req.params.id: should be scalar value at line 6 col 13
"
`;

exports[`http invaid params type 1`] = `
"main.test1.req.params: should be object value at line 5 col 15
"
`;

exports[`http invalid headers prop type 1`] = `
"main.test1.req.headers.key1: should be scalar value at line 6 col 15
"
`;

exports[`http invalid headers type 1`] = `
"main.test1.req.headers: should be object value at line 5 col 16
"
`;

exports[`http invalid method type 1`] = `
"main.test1.req.method: should be string value at line 5 col 15
"
`;

exports[`http invalid method value 1`] = `
"main.test1.req.method: is not valid http method at line 5 col 15
"
`;

exports[`http invalid params miss 1`] = `
"main.test1.req: must have url params id
"
`;

exports[`http invalid query prop type 1`] = `
"main.test1.req.query.a: should be scalar value at line 6 col 12
"
`;

exports[`http invalid query type 1`] = `
"main.test1.req.query: should be object value at line 5 col 14
"
`;

exports[`http invalid req value 1`] = `
"main.test1.req: should be object value at line 3 col 10
"
`;

exports[`http invalid res headers prop type 1`] = `
"main.test1.res.headers.key: should be header value at line 8 col 14
"
`;

exports[`http invalid res headers type 1`] = `
"main.test1.res.headers: should be object value at line 7 col 16
"
`;

exports[`http invalid res status type 1`] = `
"main.test1.res.status: should be integer value at line 7 col 15
"
`;

exports[`http invalid res type 1`] = `
"main.test1.res: should be object value at line 6 col 10
"
`;

exports[`http invalid url miss 1`] = `
"main.test1.req.url: is required at line 3 col 10
"
`;

exports[`http invalid url type 1`] = `
"main.test1.req.url: should be string value at line 4 col 12
"
`;
