// Jest Snapshot v1, https://goo.gl/fbAQLP

exports[`session session 1`] = `
"module mod1
  unit test1 ✔
  group group1
    unit test1 ✔
module mod2
  unit test1 ✔
  group group1
    unit test1 ✔
    unit test2 ✔
    access variables ✔
  group mod2
    no override parent ✔
  group env1
    env variables ✔
"
`;
